============================= test session starts =============================
platform win32 -- Python 3.12.6, pytest-9.0.2, pluggy-1.6.0
rootdir: C:\Users\natik\Documents\Vibe\sim-ai\sim-ai
configfile: pytest.ini
plugins: anyio-4.12.0, hypothesis-6.148.7, langsmith-0.4.59, logfire-4.16.0, asyncio-1.3.0, cov-4.1.0, timeout-2.4.0
asyncio: mode=Mode.STRICT, debug=False, asyncio_default_fixture_loop_scope=None, asyncio_default_test_loop_scope=function
collected 77 items

tests\test_claude_hooks.py .....................................
